<?xml version="1.0" encoding="UTF-8"?>
<TestRun id="5499d84a-bfa8-4284-a4b8-031814c43af6" name="Andrey@ANDREY-PC 2011-02-21 06:48:03" runUser="Andrey-PC\Andrey" xmlns="http://microsoft.com/schemas/VisualStudio/TeamTest/2010">
  <TestSettings name="Local" id="ff478fa6-024a-483a-9be0-313d855fd047">
    <Description>These are default test settings for a local test run.</Description>
    <Deployment enabled="false" runDeploymentRoot="Andrey_ANDREY-PC 2011-02-21 06_48_03">
      <DeploymentItem filename="C:\Users\Andrey\Documents\Visual Studio 2010\Projects\Algorithms\Algorithms\bin\Debug\Algorithms.dll" />
      <DeploymentItem filename="C:\Users\Andrey\Documents\Visual Studio 2010\Projects\Algorithms\DataProvider\bin\Debug\DataProvider.dll" />
    </Deployment>
    <Execution>
      <TestTypeSpecific />
      <AgentRule name="Execution Agents">
      </AgentRule>
    </Execution>
  </TestSettings>
  <Times creation="2011-02-21T06:48:03.7584402+03:00" queuing="2011-02-21T06:48:06.9284447+03:00" start="2011-02-21T06:48:07.2484451+03:00" finish="2011-02-21T06:48:43.0938996+03:00" />
  <ResultSummary outcome="Completed">
    <Counters total="15" executed="15" passed="15" error="0" failed="0" timeout="0" aborted="0" inconclusive="0" passedButRunAborted="0" notRunnable="0" notExecuted="0" disconnected="0" warning="0" completed="0" inProgress="0" pending="0" />
  </ResultSummary>
  <TestDefinitions>
    <UnitTest name="OddEvenSortTest" storage="c:\users\andrey\documents\visual studio 2010\projects\algorithms\algorithmstests\bin\debug\algorithmstests.dll" id="4dc39874-9060-b017-f795-6409d119ab17">
      <Execution id="380c3b72-a557-4f47-920d-c3deb33d4534" />
      <TestMethod codeBase="C:/Users/Andrey/Documents/Visual Studio 2010/Projects/Algorithms/AlgorithmsTests/bin/Debug/AlgorithmsTests.DLL" adapterTypeName="Microsoft.VisualStudio.TestTools.TestTypes.Unit.UnitTestAdapter, Microsoft.VisualStudio.QualityTools.Tips.UnitTest.Adapter, Version=10.0.0.0, Culture=neutral, PublicKeyToken=b03f5f7f11d50a3a" className="AlgorithmsTests.SortingAlgorithmsTests, AlgorithmsTests, Version=1.0.0.0, Culture=neutral, PublicKeyToken=null" name="OddEvenSortTest" />
    </UnitTest>
    <UnitTest name="CountingSortTest" storage="c:\users\andrey\documents\visual studio 2010\projects\algorithms\algorithmstests\bin\debug\algorithmstests.dll" id="a5a6d6b3-20d6-02bb-fede-49b0784fecec">
      <Execution id="4c5fc15d-a185-4f3d-a3ac-bb784f0a18dd" />
      <TestMethod codeBase="C:/Users/Andrey/Documents/Visual Studio 2010/Projects/Algorithms/AlgorithmsTests/bin/Debug/AlgorithmsTests.DLL" adapterTypeName="Microsoft.VisualStudio.TestTools.TestTypes.Unit.UnitTestAdapter, Microsoft.VisualStudio.QualityTools.Tips.UnitTest.Adapter, Version=10.0.0.0, Culture=neutral, PublicKeyToken=b03f5f7f11d50a3a" className="AlgorithmsTests.SortingAlgorithmsTests, AlgorithmsTests, Version=1.0.0.0, Culture=neutral, PublicKeyToken=null" name="CountingSortTest" />
    </UnitTest>
    <UnitTest name="BinarySearchElementNotFoundTest" storage="c:\users\andrey\documents\visual studio 2010\projects\algorithms\algorithmstests\bin\debug\algorithmstests.dll" id="5945cbcb-461f-9285-726e-b69503ac5b3e">
      <Execution id="0492bd68-7543-4964-ac9b-2910a779193c" />
      <TestMethod codeBase="C:/Users/Andrey/Documents/Visual Studio 2010/Projects/Algorithms/AlgorithmsTests/bin/Debug/AlgorithmsTests.DLL" adapterTypeName="Microsoft.VisualStudio.TestTools.TestTypes.Unit.UnitTestAdapter, Microsoft.VisualStudio.QualityTools.Tips.UnitTest.Adapter, Version=10.0.0.0, Culture=neutral, PublicKeyToken=b03f5f7f11d50a3a" className="AlgorithmsTests.SearchAlgorithmsTests, AlgorithmsTests, Version=1.0.0.0, Culture=neutral, PublicKeyToken=null" name="BinarySearchElementNotFoundTest" />
    </UnitTest>
    <UnitTest name="SelectionSortTest" storage="c:\users\andrey\documents\visual studio 2010\projects\algorithms\algorithmstests\bin\debug\algorithmstests.dll" id="3f2c0fdd-fa37-09fd-32e0-c922a3352015">
      <Execution id="7691d759-c8b2-465e-be80-0bfe5eb0e453" />
      <TestMethod codeBase="C:/Users/Andrey/Documents/Visual Studio 2010/Projects/Algorithms/AlgorithmsTests/bin/Debug/AlgorithmsTests.DLL" adapterTypeName="Microsoft.VisualStudio.TestTools.TestTypes.Unit.UnitTestAdapter, Microsoft.VisualStudio.QualityTools.Tips.UnitTest.Adapter, Version=10.0.0.0, Culture=neutral, PublicKeyToken=b03f5f7f11d50a3a" className="AlgorithmsTests.SortingAlgorithmsTests, AlgorithmsTests, Version=1.0.0.0, Culture=neutral, PublicKeyToken=null" name="SelectionSortTest" />
    </UnitTest>
    <UnitTest name="CombSortTest" storage="c:\users\andrey\documents\visual studio 2010\projects\algorithms\algorithmstests\bin\debug\algorithmstests.dll" id="0d683431-c2f0-f2fa-df53-94275b517ebc">
      <Execution id="61d1607b-fa8a-451c-bc6a-59603b2de3dc" />
      <TestMethod codeBase="C:/Users/Andrey/Documents/Visual Studio 2010/Projects/Algorithms/AlgorithmsTests/bin/Debug/AlgorithmsTests.DLL" adapterTypeName="Microsoft.VisualStudio.TestTools.TestTypes.Unit.UnitTestAdapter, Microsoft.VisualStudio.QualityTools.Tips.UnitTest.Adapter, Version=10.0.0.0, Culture=neutral, PublicKeyToken=b03f5f7f11d50a3a" className="AlgorithmsTests.SortingAlgorithmsTests, AlgorithmsTests, Version=1.0.0.0, Culture=neutral, PublicKeyToken=null" name="CombSortTest" />
    </UnitTest>
    <UnitTest name="TreeSortTest" storage="c:\users\andrey\documents\visual studio 2010\projects\algorithms\algorithmstests\bin\debug\algorithmstests.dll" id="9c26a03f-c6c2-c94d-c870-e133c73aa2a7">
      <Execution id="23862cbb-b5db-4410-9382-7acff35eb6ee" />
      <TestMethod codeBase="C:/Users/Andrey/Documents/Visual Studio 2010/Projects/Algorithms/AlgorithmsTests/bin/Debug/AlgorithmsTests.DLL" adapterTypeName="Microsoft.VisualStudio.TestTools.TestTypes.Unit.UnitTestAdapter, Microsoft.VisualStudio.QualityTools.Tips.UnitTest.Adapter, Version=10.0.0.0, Culture=neutral, PublicKeyToken=b03f5f7f11d50a3a" className="AlgorithmsTests.SortingAlgorithmsTests, AlgorithmsTests, Version=1.0.0.0, Culture=neutral, PublicKeyToken=null" name="TreeSortTest" />
    </UnitTest>
    <UnitTest name="BubbleSortTest" storage="c:\users\andrey\documents\visual studio 2010\projects\algorithms\algorithmstests\bin\debug\algorithmstests.dll" id="592f399e-f391-2ca0-122e-250eff5c5f72">
      <Execution id="0bb370fb-6379-411b-a773-d8b2fc23711a" />
      <TestMethod codeBase="C:/Users/Andrey/Documents/Visual Studio 2010/Projects/Algorithms/AlgorithmsTests/bin/Debug/AlgorithmsTests.DLL" adapterTypeName="Microsoft.VisualStudio.TestTools.TestTypes.Unit.UnitTestAdapter, Microsoft.VisualStudio.QualityTools.Tips.UnitTest.Adapter, Version=10.0.0.0, Culture=neutral, PublicKeyToken=b03f5f7f11d50a3a" className="AlgorithmsTests.SortingAlgorithmsTests, AlgorithmsTests, Version=1.0.0.0, Culture=neutral, PublicKeyToken=null" name="BubbleSortTest" />
    </UnitTest>
    <UnitTest name="BinarySearchTest" storage="c:\users\andrey\documents\visual studio 2010\projects\algorithms\algorithmstests\bin\debug\algorithmstests.dll" id="c178492b-4f05-52c3-993f-1f4ece20ef13">
      <Execution id="6feb3193-704b-4500-b5f7-3596b37891b2" />
      <TestMethod codeBase="C:/Users/Andrey/Documents/Visual Studio 2010/Projects/Algorithms/AlgorithmsTests/bin/Debug/AlgorithmsTests.DLL" adapterTypeName="Microsoft.VisualStudio.TestTools.TestTypes.Unit.UnitTestAdapter, Microsoft.VisualStudio.QualityTools.Tips.UnitTest.Adapter, Version=10.0.0.0, Culture=neutral, PublicKeyToken=b03f5f7f11d50a3a" className="AlgorithmsTests.SearchAlgorithmsTests, AlgorithmsTests, Version=1.0.0.0, Culture=neutral, PublicKeyToken=null" name="BinarySearchTest" />
    </UnitTest>
    <UnitTest name="OptimizedCocktailSortTest" storage="c:\users\andrey\documents\visual studio 2010\projects\algorithms\algorithmstests\bin\debug\algorithmstests.dll" id="f23faed7-ae06-52da-72fd-742a78a63a55">
      <Execution id="e7069a90-578a-48ab-a2ba-4d8e94b661e3" />
      <TestMethod codeBase="C:/Users/Andrey/Documents/Visual Studio 2010/Projects/Algorithms/AlgorithmsTests/bin/Debug/AlgorithmsTests.DLL" adapterTypeName="Microsoft.VisualStudio.TestTools.TestTypes.Unit.UnitTestAdapter, Microsoft.VisualStudio.QualityTools.Tips.UnitTest.Adapter, Version=10.0.0.0, Culture=neutral, PublicKeyToken=b03f5f7f11d50a3a" className="AlgorithmsTests.SortingAlgorithmsTests, AlgorithmsTests, Version=1.0.0.0, Culture=neutral, PublicKeyToken=null" name="OptimizedCocktailSortTest" />
    </UnitTest>
    <UnitTest name="OptimizedBubbleSortTest" storage="c:\users\andrey\documents\visual studio 2010\projects\algorithms\algorithmstests\bin\debug\algorithmstests.dll" id="454cfaa5-807b-43af-2eac-fb5ce5d110c2">
      <Execution id="ca23cb8f-f475-407f-8cc0-1a0de197502f" />
      <TestMethod codeBase="C:/Users/Andrey/Documents/Visual Studio 2010/Projects/Algorithms/AlgorithmsTests/bin/Debug/AlgorithmsTests.DLL" adapterTypeName="Microsoft.VisualStudio.TestTools.TestTypes.Unit.UnitTestAdapter, Microsoft.VisualStudio.QualityTools.Tips.UnitTest.Adapter, Version=10.0.0.0, Culture=neutral, PublicKeyToken=b03f5f7f11d50a3a" className="AlgorithmsTests.SortingAlgorithmsTests, AlgorithmsTests, Version=1.0.0.0, Culture=neutral, PublicKeyToken=null" name="OptimizedBubbleSortTest" />
    </UnitTest>
    <UnitTest name="GnomeSortTest" storage="c:\users\andrey\documents\visual studio 2010\projects\algorithms\algorithmstests\bin\debug\algorithmstests.dll" id="282449f0-d57e-913e-8fe3-de5c1cb6713d">
      <Execution id="71c74ff2-ead7-4369-9188-1c49c18b282a" />
      <TestMethod codeBase="C:/Users/Andrey/Documents/Visual Studio 2010/Projects/Algorithms/AlgorithmsTests/bin/Debug/AlgorithmsTests.DLL" adapterTypeName="Microsoft.VisualStudio.TestTools.TestTypes.Unit.UnitTestAdapter, Microsoft.VisualStudio.QualityTools.Tips.UnitTest.Adapter, Version=10.0.0.0, Culture=neutral, PublicKeyToken=b03f5f7f11d50a3a" className="AlgorithmsTests.SortingAlgorithmsTests, AlgorithmsTests, Version=1.0.0.0, Culture=neutral, PublicKeyToken=null" name="GnomeSortTest" />
    </UnitTest>
    <UnitTest name="ShellSortTest" storage="c:\users\andrey\documents\visual studio 2010\projects\algorithms\algorithmstests\bin\debug\algorithmstests.dll" id="1d719bbe-9deb-b4a7-79b1-a26f4a6bcfeb">
      <Execution id="fbb5173e-fc69-4dbb-b06a-35b294e70ee9" />
      <TestMethod codeBase="C:/Users/Andrey/Documents/Visual Studio 2010/Projects/Algorithms/AlgorithmsTests/bin/Debug/AlgorithmsTests.DLL" adapterTypeName="Microsoft.VisualStudio.TestTools.TestTypes.Unit.UnitTestAdapter, Microsoft.VisualStudio.QualityTools.Tips.UnitTest.Adapter, Version=10.0.0.0, Culture=neutral, PublicKeyToken=b03f5f7f11d50a3a" className="AlgorithmsTests.SortingAlgorithmsTests, AlgorithmsTests, Version=1.0.0.0, Culture=neutral, PublicKeyToken=null" name="ShellSortTest" />
    </UnitTest>
    <UnitTest name="MergeSortTest" storage="c:\users\andrey\documents\visual studio 2010\projects\algorithms\algorithmstests\bin\debug\algorithmstests.dll" id="8fa5ce03-0122-ef29-6a34-a08d7cee9bd0">
      <Execution id="2411f710-7841-4410-a57f-b0093a98ff6e" />
      <TestMethod codeBase="C:/Users/Andrey/Documents/Visual Studio 2010/Projects/Algorithms/AlgorithmsTests/bin/Debug/AlgorithmsTests.DLL" adapterTypeName="Microsoft.VisualStudio.TestTools.TestTypes.Unit.UnitTestAdapter, Microsoft.VisualStudio.QualityTools.Tips.UnitTest.Adapter, Version=10.0.0.0, Culture=neutral, PublicKeyToken=b03f5f7f11d50a3a" className="AlgorithmsTests.SortingAlgorithmsTests, AlgorithmsTests, Version=1.0.0.0, Culture=neutral, PublicKeyToken=null" name="MergeSortTest" />
    </UnitTest>
    <UnitTest name="InsertionSortTest" storage="c:\users\andrey\documents\visual studio 2010\projects\algorithms\algorithmstests\bin\debug\algorithmstests.dll" id="7e34c03b-3fc0-f6f9-ffd2-cf1ea19dd9f7">
      <Execution id="9aa7f125-7c5e-4875-848e-d0df221e53c8" />
      <TestMethod codeBase="C:/Users/Andrey/Documents/Visual Studio 2010/Projects/Algorithms/AlgorithmsTests/bin/Debug/AlgorithmsTests.DLL" adapterTypeName="Microsoft.VisualStudio.TestTools.TestTypes.Unit.UnitTestAdapter, Microsoft.VisualStudio.QualityTools.Tips.UnitTest.Adapter, Version=10.0.0.0, Culture=neutral, PublicKeyToken=b03f5f7f11d50a3a" className="AlgorithmsTests.SortingAlgorithmsTests, AlgorithmsTests, Version=1.0.0.0, Culture=neutral, PublicKeyToken=null" name="InsertionSortTest" />
    </UnitTest>
    <UnitTest name="OptimizedMergeSortTest" storage="c:\users\andrey\documents\visual studio 2010\projects\algorithms\algorithmstests\bin\debug\algorithmstests.dll" id="85389093-93b5-ebff-b1fc-97f9fe57bb83">
      <Execution id="dad53136-a20b-4862-a6d0-b3cb3b3e43cb" />
      <TestMethod codeBase="C:/Users/Andrey/Documents/Visual Studio 2010/Projects/Algorithms/AlgorithmsTests/bin/Debug/AlgorithmsTests.DLL" adapterTypeName="Microsoft.VisualStudio.TestTools.TestTypes.Unit.UnitTestAdapter, Microsoft.VisualStudio.QualityTools.Tips.UnitTest.Adapter, Version=10.0.0.0, Culture=neutral, PublicKeyToken=b03f5f7f11d50a3a" className="AlgorithmsTests.SortingAlgorithmsTests, AlgorithmsTests, Version=1.0.0.0, Culture=neutral, PublicKeyToken=null" name="OptimizedMergeSortTest" />
    </UnitTest>
  </TestDefinitions>
  <TestLists>
    <TestList name="Results Not in a List" id="8c84fa94-04c1-424b-9868-57a2d4851a1d" />
    <TestList name="All Loaded Results" id="19431567-8539-422a-85d7-44ee4e166bda" />
  </TestLists>
  <TestEntries>
    <TestEntry testId="0d683431-c2f0-f2fa-df53-94275b517ebc" executionId="61d1607b-fa8a-451c-bc6a-59603b2de3dc" testListId="8c84fa94-04c1-424b-9868-57a2d4851a1d" />
    <TestEntry testId="1d719bbe-9deb-b4a7-79b1-a26f4a6bcfeb" executionId="fbb5173e-fc69-4dbb-b06a-35b294e70ee9" testListId="8c84fa94-04c1-424b-9868-57a2d4851a1d" />
    <TestEntry testId="282449f0-d57e-913e-8fe3-de5c1cb6713d" executionId="71c74ff2-ead7-4369-9188-1c49c18b282a" testListId="8c84fa94-04c1-424b-9868-57a2d4851a1d" />
    <TestEntry testId="3f2c0fdd-fa37-09fd-32e0-c922a3352015" executionId="7691d759-c8b2-465e-be80-0bfe5eb0e453" testListId="8c84fa94-04c1-424b-9868-57a2d4851a1d" />
    <TestEntry testId="454cfaa5-807b-43af-2eac-fb5ce5d110c2" executionId="ca23cb8f-f475-407f-8cc0-1a0de197502f" testListId="8c84fa94-04c1-424b-9868-57a2d4851a1d" />
    <TestEntry testId="4dc39874-9060-b017-f795-6409d119ab17" executionId="380c3b72-a557-4f47-920d-c3deb33d4534" testListId="8c84fa94-04c1-424b-9868-57a2d4851a1d" />
    <TestEntry testId="592f399e-f391-2ca0-122e-250eff5c5f72" executionId="0bb370fb-6379-411b-a773-d8b2fc23711a" testListId="8c84fa94-04c1-424b-9868-57a2d4851a1d" />
    <TestEntry testId="5945cbcb-461f-9285-726e-b69503ac5b3e" executionId="0492bd68-7543-4964-ac9b-2910a779193c" testListId="8c84fa94-04c1-424b-9868-57a2d4851a1d" />
    <TestEntry testId="7e34c03b-3fc0-f6f9-ffd2-cf1ea19dd9f7" executionId="9aa7f125-7c5e-4875-848e-d0df221e53c8" testListId="8c84fa94-04c1-424b-9868-57a2d4851a1d" />
    <TestEntry testId="85389093-93b5-ebff-b1fc-97f9fe57bb83" executionId="dad53136-a20b-4862-a6d0-b3cb3b3e43cb" testListId="8c84fa94-04c1-424b-9868-57a2d4851a1d" />
    <TestEntry testId="8fa5ce03-0122-ef29-6a34-a08d7cee9bd0" executionId="2411f710-7841-4410-a57f-b0093a98ff6e" testListId="8c84fa94-04c1-424b-9868-57a2d4851a1d" />
    <TestEntry testId="9c26a03f-c6c2-c94d-c870-e133c73aa2a7" executionId="23862cbb-b5db-4410-9382-7acff35eb6ee" testListId="8c84fa94-04c1-424b-9868-57a2d4851a1d" />
    <TestEntry testId="a5a6d6b3-20d6-02bb-fede-49b0784fecec" executionId="4c5fc15d-a185-4f3d-a3ac-bb784f0a18dd" testListId="8c84fa94-04c1-424b-9868-57a2d4851a1d" />
    <TestEntry testId="c178492b-4f05-52c3-993f-1f4ece20ef13" executionId="6feb3193-704b-4500-b5f7-3596b37891b2" testListId="8c84fa94-04c1-424b-9868-57a2d4851a1d" />
    <TestEntry testId="f23faed7-ae06-52da-72fd-742a78a63a55" executionId="e7069a90-578a-48ab-a2ba-4d8e94b661e3" testListId="8c84fa94-04c1-424b-9868-57a2d4851a1d" />
  </TestEntries>
  <Results>
    <UnitTestResult executionId="61d1607b-fa8a-451c-bc6a-59603b2de3dc" testId="0d683431-c2f0-f2fa-df53-94275b517ebc" testName="CombSortTest" computerName="ANDREY-PC" duration="00:00:00.0323909" startTime="2011-02-21T06:48:07.4784454+03:00" endTime="2011-02-21T06:48:08.5084469+03:00" testType="13cdc9d9-ddb5-4fa4-a97d-d965ccfc6d4b" outcome="Passed" testListId="8c84fa94-04c1-424b-9868-57a2d4851a1d" relativeResultsDirectory="61d1607b-fa8a-451c-bc6a-59603b2de3dc">
    </UnitTestResult>
    <UnitTestResult executionId="fbb5173e-fc69-4dbb-b06a-35b294e70ee9" testId="1d719bbe-9deb-b4a7-79b1-a26f4a6bcfeb" testName="ShellSortTest" computerName="ANDREY-PC" duration="00:00:00.0019394" startTime="2011-02-21T06:48:08.5184469+03:00" endTime="2011-02-21T06:48:08.5584469+03:00" testType="13cdc9d9-ddb5-4fa4-a97d-d965ccfc6d4b" outcome="Passed" testListId="8c84fa94-04c1-424b-9868-57a2d4851a1d" relativeResultsDirectory="fbb5173e-fc69-4dbb-b06a-35b294e70ee9">
    </UnitTestResult>
    <UnitTestResult executionId="71c74ff2-ead7-4369-9188-1c49c18b282a" testId="282449f0-d57e-913e-8fe3-de5c1cb6713d" testName="GnomeSortTest" computerName="ANDREY-PC" duration="00:00:00.0275049" startTime="2011-02-21T06:48:08.5784470+03:00" endTime="2011-02-21T06:48:08.6184470+03:00" testType="13cdc9d9-ddb5-4fa4-a97d-d965ccfc6d4b" outcome="Passed" testListId="8c84fa94-04c1-424b-9868-57a2d4851a1d" relativeResultsDirectory="71c74ff2-ead7-4369-9188-1c49c18b282a">
    </UnitTestResult>
    <UnitTestResult executionId="7691d759-c8b2-465e-be80-0bfe5eb0e453" testId="3f2c0fdd-fa37-09fd-32e0-c922a3352015" testName="SelectionSortTest" computerName="ANDREY-PC" duration="00:00:00.0104464" startTime="2011-02-21T06:48:08.6384471+03:00" endTime="2011-02-21T06:48:08.6584471+03:00" testType="13cdc9d9-ddb5-4fa4-a97d-d965ccfc6d4b" outcome="Passed" testListId="8c84fa94-04c1-424b-9868-57a2d4851a1d" relativeResultsDirectory="7691d759-c8b2-465e-be80-0bfe5eb0e453">
    </UnitTestResult>
    <UnitTestResult executionId="ca23cb8f-f475-407f-8cc0-1a0de197502f" testId="454cfaa5-807b-43af-2eac-fb5ce5d110c2" testName="OptimizedBubbleSortTest" computerName="ANDREY-PC" duration="00:00:00.0200501" startTime="2011-02-21T06:48:08.6784471+03:00" endTime="2011-02-21T06:48:08.7084472+03:00" testType="13cdc9d9-ddb5-4fa4-a97d-d965ccfc6d4b" outcome="Passed" testListId="8c84fa94-04c1-424b-9868-57a2d4851a1d" relativeResultsDirectory="ca23cb8f-f475-407f-8cc0-1a0de197502f">
    </UnitTestResult>
    <UnitTestResult executionId="380c3b72-a557-4f47-920d-c3deb33d4534" testId="4dc39874-9060-b017-f795-6409d119ab17" testName="OddEvenSortTest" computerName="ANDREY-PC" duration="00:00:00.0183072" startTime="2011-02-21T06:48:08.7184472+03:00" endTime="2011-02-21T06:48:08.7484472+03:00" testType="13cdc9d9-ddb5-4fa4-a97d-d965ccfc6d4b" outcome="Passed" testListId="8c84fa94-04c1-424b-9868-57a2d4851a1d" relativeResultsDirectory="380c3b72-a557-4f47-920d-c3deb33d4534">
    </UnitTestResult>
    <UnitTestResult executionId="0bb370fb-6379-411b-a773-d8b2fc23711a" testId="592f399e-f391-2ca0-122e-250eff5c5f72" testName="BubbleSortTest" computerName="ANDREY-PC" duration="00:00:00.0276022" startTime="2011-02-21T06:48:08.7684472+03:00" endTime="2011-02-21T06:48:08.8084473+03:00" testType="13cdc9d9-ddb5-4fa4-a97d-d965ccfc6d4b" outcome="Passed" testListId="8c84fa94-04c1-424b-9868-57a2d4851a1d" relativeResultsDirectory="0bb370fb-6379-411b-a773-d8b2fc23711a">
    </UnitTestResult>
    <UnitTestResult executionId="0492bd68-7543-4964-ac9b-2910a779193c" testId="5945cbcb-461f-9285-726e-b69503ac5b3e" testName="BinarySearchElementNotFoundTest" computerName="ANDREY-PC" duration="00:00:00.0018314" startTime="2011-02-21T06:48:08.8284473+03:00" endTime="2011-02-21T06:48:08.8484474+03:00" testType="13cdc9d9-ddb5-4fa4-a97d-d965ccfc6d4b" outcome="Passed" testListId="8c84fa94-04c1-424b-9868-57a2d4851a1d" relativeResultsDirectory="0492bd68-7543-4964-ac9b-2910a779193c">
    </UnitTestResult>
    <UnitTestResult executionId="9aa7f125-7c5e-4875-848e-d0df221e53c8" testId="7e34c03b-3fc0-f6f9-ffd2-cf1ea19dd9f7" testName="InsertionSortTest" computerName="ANDREY-PC" duration="00:00:00.0221938" startTime="2011-02-21T06:48:08.8584474+03:00" endTime="2011-02-21T06:48:08.8984474+03:00" testType="13cdc9d9-ddb5-4fa4-a97d-d965ccfc6d4b" outcome="Passed" testListId="8c84fa94-04c1-424b-9868-57a2d4851a1d" relativeResultsDirectory="9aa7f125-7c5e-4875-848e-d0df221e53c8">
    </UnitTestResult>
    <UnitTestResult executionId="dad53136-a20b-4862-a6d0-b3cb3b3e43cb" testId="85389093-93b5-ebff-b1fc-97f9fe57bb83" testName="OptimizedMergeSortTest" computerName="ANDREY-PC" duration="00:00:00.0024530" startTime="2011-02-21T06:48:08.9084474+03:00" endTime="2011-02-21T06:48:08.9284475+03:00" testType="13cdc9d9-ddb5-4fa4-a97d-d965ccfc6d4b" outcome="Passed" testListId="8c84fa94-04c1-424b-9868-57a2d4851a1d" relativeResultsDirectory="dad53136-a20b-4862-a6d0-b3cb3b3e43cb">
    </UnitTestResult>
    <UnitTestResult executionId="2411f710-7841-4410-a57f-b0093a98ff6e" testId="8fa5ce03-0122-ef29-6a34-a08d7cee9bd0" testName="MergeSortTest" computerName="ANDREY-PC" duration="00:00:00.0023680" startTime="2011-02-21T06:48:08.9384475+03:00" endTime="2011-02-21T06:48:08.9584475+03:00" testType="13cdc9d9-ddb5-4fa4-a97d-d965ccfc6d4b" outcome="Passed" testListId="8c84fa94-04c1-424b-9868-57a2d4851a1d" relativeResultsDirectory="2411f710-7841-4410-a57f-b0093a98ff6e">
    </UnitTestResult>
    <UnitTestResult executionId="23862cbb-b5db-4410-9382-7acff35eb6ee" testId="9c26a03f-c6c2-c94d-c870-e133c73aa2a7" testName="TreeSortTest" computerName="ANDREY-PC" duration="00:00:00.0200270" startTime="2011-02-21T06:48:08.9684475+03:00" endTime="2011-02-21T06:48:09.0084476+03:00" testType="13cdc9d9-ddb5-4fa4-a97d-d965ccfc6d4b" outcome="Passed" testListId="8c84fa94-04c1-424b-9868-57a2d4851a1d" relativeResultsDirectory="23862cbb-b5db-4410-9382-7acff35eb6ee">
    </UnitTestResult>
    <UnitTestResult executionId="4c5fc15d-a185-4f3d-a3ac-bb784f0a18dd" testId="a5a6d6b3-20d6-02bb-fede-49b0784fecec" testName="CountingSortTest" computerName="ANDREY-PC" duration="00:00:00.0012011" startTime="2011-02-21T06:48:09.0184476+03:00" endTime="2011-02-21T06:48:09.0284476+03:00" testType="13cdc9d9-ddb5-4fa4-a97d-d965ccfc6d4b" outcome="Passed" testListId="8c84fa94-04c1-424b-9868-57a2d4851a1d" relativeResultsDirectory="4c5fc15d-a185-4f3d-a3ac-bb784f0a18dd">
    </UnitTestResult>
    <UnitTestResult executionId="6feb3193-704b-4500-b5f7-3596b37891b2" testId="c178492b-4f05-52c3-993f-1f4ece20ef13" testName="BinarySearchTest" computerName="ANDREY-PC" duration="00:00:33.9394446" startTime="2011-02-21T06:48:09.0384476+03:00" endTime="2011-02-21T06:48:42.9268973+03:00" testType="13cdc9d9-ddb5-4fa4-a97d-d965ccfc6d4b" outcome="Passed" testListId="8c84fa94-04c1-424b-9868-57a2d4851a1d" relativeResultsDirectory="6feb3193-704b-4500-b5f7-3596b37891b2">
    </UnitTestResult>
    <UnitTestResult executionId="e7069a90-578a-48ab-a2ba-4d8e94b661e3" testId="f23faed7-ae06-52da-72fd-742a78a63a55" testName="OptimizedCocktailSortTest" computerName="ANDREY-PC" duration="00:00:00.0175095" startTime="2011-02-21T06:48:42.9468973+03:00" endTime="2011-02-21T06:48:42.9918982+03:00" testType="13cdc9d9-ddb5-4fa4-a97d-d965ccfc6d4b" outcome="Passed" testListId="8c84fa94-04c1-424b-9868-57a2d4851a1d" relativeResultsDirectory="e7069a90-578a-48ab-a2ba-4d8e94b661e3">
    </UnitTestResult>
  </Results>
</TestRun>